W0903 16:04:06.986000 3390227 site-packages/torch/distributed/run.py:792] 
W0903 16:04:06.986000 3390227 site-packages/torch/distributed/run.py:792] *****************************************
W0903 16:04:06.986000 3390227 site-packages/torch/distributed/run.py:792] Setting OMP_NUM_THREADS environment variable for each process to be 1 in default, to avoid your system being overloaded, please further tune the variable for optimal performance in your application as needed. 
W0903 16:04:06.986000 3390227 site-packages/torch/distributed/run.py:792] *****************************************
usage: train_full_sft.py [-h] [--save_dir SAVE_DIR]
                         [--save_weight SAVE_WEIGHT] [--epochs EPOCHS]
                         [--batch_size BATCH_SIZE]
                         [--learning_rate LEARNING_RATE] [--device DEVICE]
                         [--dtype DTYPE] [--num_workers NUM_WORKERS]
                         [--accumulation_steps ACCUMULATION_STEPS]
                         [--grad_clip GRAD_CLIP] [--log_interval LOG_INTERVAL]
                         [--save_interval SAVE_INTERVAL]
                         [--hidden_size HIDDEN_SIZE]
                         [--num_hidden_layers NUM_HIDDEN_LAYERS]
                         [--max_seq_len MAX_SEQ_LEN] [--use_moe {0,1}]
                         [--data_path DATA_PATH] [--from_weight FROM_WEIGHT]
                         [--from_resume {0,1}] [--use_wandb]
                         [--wandb_project WANDB_PROJECT] [--use_compile {0,1}]
train_full_sft.py: error: argument --wandb_project: expected one argument
usage: train_full_sft.py [-h] [--save_dir SAVE_DIR]
                         [--save_weight SAVE_WEIGHT] [--epochs EPOCHS]
                         [--batch_size BATCH_SIZE]
                         [--learning_rate LEARNING_RATE] [--device DEVICE]
                         [--dtype DTYPE] [--num_workers NUM_WORKERS]
                         [--accumulation_steps ACCUMULATION_STEPS]
                         [--grad_clip GRAD_CLIP] [--log_interval LOG_INTERVAL]
                         [--save_interval SAVE_INTERVAL]
                         [--hidden_size HIDDEN_SIZE]
                         [--num_hidden_layers NUM_HIDDEN_LAYERS]
                         [--max_seq_len MAX_SEQ_LEN] [--use_moe {0,1}]
                         [--data_path DATA_PATH] [--from_weight FROM_WEIGHT]
                         [--from_resume {0,1}] [--use_wandb]
                         [--wandb_project WANDB_PROJECT] [--use_compile {0,1}]
train_full_sft.py: error: argument --wandb_project: expected one argument
E0903 16:04:11.200000 3390227 site-packages/torch/distributed/elastic/multiprocessing/api.py:869] failed (exitcode: 2) local_rank: 0 (pid: 3390262) of binary: /home/cdp2stg/weizichuan/envs/myenv/bin/python3.10
Traceback (most recent call last):
  File "/home/cdp2stg/weizichuan/envs/myenv/bin/torchrun", line 6, in <module>
    sys.exit(main())
  File "/home/cdp2stg/weizichuan/envs/myenv/lib/python3.10/site-packages/torch/distributed/elastic/multiprocessing/errors/__init__.py", line 355, in wrapper
    return f(*args, **kwargs)
  File "/home/cdp2stg/weizichuan/envs/myenv/lib/python3.10/site-packages/torch/distributed/run.py", line 918, in main
    run(args)
  File "/home/cdp2stg/weizichuan/envs/myenv/lib/python3.10/site-packages/torch/distributed/run.py", line 909, in run
    elastic_launch(
  File "/home/cdp2stg/weizichuan/envs/myenv/lib/python3.10/site-packages/torch/distributed/launcher/api.py", line 138, in __call__
    return launch_agent(self._config, self._entrypoint, list(args))
  File "/home/cdp2stg/weizichuan/envs/myenv/lib/python3.10/site-packages/torch/distributed/launcher/api.py", line 269, in launch_agent
    raise ChildFailedError(
torch.distributed.elastic.multiprocessing.errors.ChildFailedError: 
============================================================
train_full_sft.py FAILED
------------------------------------------------------------
Failures:
[1]:
  time      : 2026-09-03_16:04:11
  host      : iZ2ze09tk2hcaibz0a1l2qZ
  rank      : 1 (local_rank: 1)
  exitcode  : 2 (pid: 3390263)
  error_file: <N/A>
  traceback : To enable traceback see: https://pytorch.org/docs/stable/elastic/errors.html
------------------------------------------------------------
Root Cause (first observed failure):
[0]:
  time      : 2026-09-03_16:04:11
  host      : iZ2ze09tk2hcaibz0a1l2qZ
  rank      : 0 (local_rank: 0)
  exitcode  : 2 (pid: 3390262)
  error_file: <N/A>
  traceback : To enable traceback see: https://pytorch.org/docs/stable/elastic/errors.html
============================================================
